---
title: 往现有卷组添加硬盘
date: 2022-08-23 17:32:10
tags:
- linux
- 磁盘扩容
- 卷组
---
1. 检查现在磁盘的信息  
```bash
fdisk -l
```
输出内容参考：
```
Disk /dev/vdd: 1073.7 GB, 1073741824000 bytes
16 heads, 63 sectors/track, 2080507 cylinders
Units = cylinders of 1008 * 512 = 516096 bytes
Sector size (logical/physical): 512 bytes / 512 bytes
I/O size (minimum/optimal): 512 bytes / 512 bytes
Disk identifier: 0x00000000
```

确定新硬盘的设备路径 ：```/dev/vdd```

2. 检查物理卷的信息
```bash
pvs
```
输出内容参考：
```
  PV         VG       Fmt  Attr PSize    PFree
  /dev/vda2  VolGroup lvm2 a--u   99.51g    0
  /dev/vdb   bakvg    lvm2 a--u    1.76t    0
  /dev/vdc   bakvg    lvm2 a--u  900.00g    0
```
3. 在```/dev/vdd```上创建物理卷
```bash
pvcreate   /dev/vdd
```
再次检查物理卷的信息
```bash
pvs
```
输出内容参考：
```
  PV         VG       Fmt  Attr PSize    PFree   
  /dev/vda2  VolGroup lvm2 a--u   99.51g       0
  /dev/vdb   bakvg    lvm2 a--u    1.76t       0
  /dev/vdc   bakvg    lvm2 a--u  900.00g       0
  /dev/vdd            lvm2 ---- 1000.00g 1000.00g
```
4. 用新的物理卷扩展卷组
```bash
vgextend   bakvg  /dev/vdd
```
检查卷组信息：
```bash
vgs
```
输出内容参考：
```
  VG       #PV #LV #SN Attr   VSize  VFree
  VolGroup   1   2   0 wz--n- 99.51g    0
  bakvg      3   1   0 wz--n-  3.61t    0
```
检查逻辑卷信息：
```bash
lvs
```
输出内容参考：
```
  LV       VG       Attr       LSize  Pool Origin Data%  Meta%  Move Log Cpy%Sync Convert
  LogVol00 VolGroup -wi-ao---- 16.00g                                                    
  LogVol01 VolGroup -wi-ao---- 83.51g                                                    
  baklv    bakvg    -wi-ao----  2.61t  
```
扫描逻辑卷：
```bash
lvscan
```
输出内容参考：
```
  ACTIVE            '/dev/bakvg/baklv' [2.61 TiB] inherit
  ACTIVE            '/dev/VolGroup/LogVol01' [83.51 GiB] inherit
  ACTIVE            '/dev/VolGroup/LogVol00' [16.00 GiB] inherit
```
5. 用新的物理卷扩展逻辑卷
```bash
lvextend  /dev/bakvg/baklv    /dev/vdd
```
再次扫描逻辑卷：
```bash
lvscan
```
输出内容参考：
```
  ACTIVE            '/dev/bakvg/baklv' [3.61 TiB] inherit
  ACTIVE            '/dev/VolGroup/LogVol01' [83.51 GiB] inherit
  ACTIVE            '/dev/VolGroup/LogVol00' [16.00 GiB] inherit
```
查看磁盘信息：
```bash
df -h
```
输出内容参考：
```
Filesystem            Size  Used Avail Use% Mounted on
/dev/mapper/VolGroup-LogVol01                       83G  3.4G   75G   5% /
tmpfs                 7.8G  224K  7.8G   1% /dev/shm
/dev/vda1             477M  122M  331M  27% /boot
/dev/mapper/bakvg-baklv                      2.6T  2.3T  249G  91% /backup
```
此时文件系统显示的还是扩容前的大小
6. 更新文件系统的容量
```bash
resize2fs    -f  /dev/bakvg/baklv
```
再次检查磁盘信息：
```bash
df -h
```
输出内容参考：
```
Filesystem            Size  Used Avail Use% Mounted on
/dev/mapper/VolGroup-LogVol01                       83G  3.4G   75G   5% /
tmpfs                 7.8G  224K  7.8G   1% /dev/shm
/dev/vda1             477M  122M  331M  27% /boot
/dev/mapper/bakvg-baklv                      3.6T  2.3T  1.2T  66% /backup
```
此时文件系统已显示为最新容量。
